Hello!!
aaaaa
aaaa
aaaa
Hello!!
aaaaa
aaaa
aaaa
